Using pre-set license
Built from '2020.3/staging' branch; Version is '2020.3.6f1 (338bb68529b2) revision 3378102'; Using compiler version '192528614'; Build Type 'Release'
OS: 'Windows 10 Pro; OS build 19043.1348; Version 2009; 64bit' Language: 'ko' Physical Memory: 4006 MB
BatchMode: 1, IsHumanControllingUs: 0, StartBugReporterOnCrash: 0, Is64bit: 1, IsPro: 0

 COMMAND LINE ARGUMENTS:
D:\unity\2020.3.6f1\Editor\Unity.exe
-adb2
-batchMode
-noUpm
-name
AssetImportWorker2
-projectPath
D:/jsc team 3 2-2/JSC-2-2
-logFile
Logs/AssetImportWorker2.log
-srvPort
1427
Successfully changed project path to: D:/jsc team 3 2-2/JSC-2-2
D:/jsc team 3 2-2/JSC-2-2
Using Asset Import Pipeline V2.
Refreshing native plugins compatible for Editor in 107.79 ms, found 1 plugins.
Preloading 0 native plugins for Editor in 0.00 ms.
Initialize engine version: 2020.3.6f1 (338bb68529b2)
[Subsystems] Discovering subsystems at path D:/unity/2020.3.6f1/Editor/Data/Resources/UnitySubsystems
[Subsystems] Discovering subsystems at path D:/jsc team 3 2-2/JSC-2-2/Assets
GfxDevice: creating device client; threaded=0
Direct3D:
    Version:  Direct3D 11.0 [level 11.1]
    Renderer: Intel(R) HD Graphics 520 (ID=0x1916)
    Vendor:   
    VRAM:     2003 MB
    Driver:   27.20.100.8681
Initialize mono
Mono path[0] = 'D:/unity/2020.3.6f1/Editor/Data/Managed'
Mono path[1] = 'D:/unity/2020.3.6f1/Editor/Data/MonoBleedingEdge/lib/mono/unityjit'
Mono config path = 'D:/unity/2020.3.6f1/Editor/Data/MonoBleedingEdge/etc'
Using monoOptions --debugger-agent=transport=dt_socket,embedding=1,server=y,suspend=n,address=127.0.0.1:56276
Begin MonoManager ReloadAssembly
Registering precompiled unity dll's ...
Register platform support module: D:/unity/2020.3.6f1/Editor/Data/PlaybackEngines/WindowsStandaloneSupport/UnityEditor.WindowsStandalone.Extensions.dll
Registered in 0.029761 seconds.
Native extension for WindowsStandalone target not found
Refreshing native plugins compatible for Editor in 56.72 ms, found 1 plugins.
Preloading 0 native plugins for Editor in 0.00 ms.
Mono: successfully reloaded assembly
- Completed reload, in  7.670 seconds
Platform modules already initialized, skipping
Registering precompiled user dll's ...
Registered in 0.016278 seconds.
Begin MonoManager ReloadAssembly
Native extension for WindowsStandalone target not found
Refreshing native plugins compatible for Editor in 84.48 ms, found 1 plugins.
Preloading 0 native plugins for Editor in 0.00 ms.
Mono: successfully reloaded assembly
- Completed reload, in  3.973 seconds
Platform modules already initialized, skipping
========================================================================
Worker process is ready to serve import requests
Launched and connected shader compiler UnityShaderCompiler.exe after 0.29 seconds
Refreshing native plugins compatible for Editor in 1.26 ms, found 1 plugins.
Preloading 0 native plugins for Editor in 0.00 ms.
Unloading 1809 Unused Serialized files (Serialized files now loaded: 0)
System memory in use before: 85.0 MB.
System memory in use after: 84.9 MB.

Unloading 24 unused Assets to reduce memory usage. Loaded Objects now: 2252.
Total: 242.344800 ms (FindLiveObjects: 0.453500 ms CreateObjectMapping: 1.475100 ms MarkObjects: 209.435500 ms  DeleteObjects: 30.968500 ms)

========================================================================
Received Import Request.
  path: Assets/Prefab/Player.prefab
  artifactKey: Guid(26e3616b8aa1c564486477957f350bb3) Importer(815301076,1909f56bfc062723c751e8b465ee728b)
Start importing Assets/Prefab/Player.prefab using Guid(26e3616b8aa1c564486477957f350bb3) Importer(815301076,1909f56bfc062723c751e8b465ee728b)  -> (artifact id: 'b5e6901fb2ac21477da1e364ae03cfda') in 1.836347 seconds
  Import took 1.926904 seconds .

========================================================================
Received Import Request.
  Time since last request: 11.847856 seconds.
  path: Assets/Sprites/PlayerSprite1.png
  artifactKey: Guid(48971194fbb03c642bedb86f4f898cbb) Importer(815301076,1909f56bfc062723c751e8b465ee728b)
Start importing Assets/Sprites/PlayerSprite1.png using Guid(48971194fbb03c642bedb86f4f898cbb) Importer(815301076,1909f56bfc062723c751e8b465ee728b)  -> (artifact id: '8471fc542af3e95281d1c9e1f1f14e45') in 0.712882 seconds
  Import took 0.762545 seconds .

========================================================================
Received Import Request.
  Time since last request: 0.000724 seconds.
  path: Assets/Sprites/PlayerSprite2.png
  artifactKey: Guid(ef675dd9945afa942841ee44c050b5c6) Importer(815301076,1909f56bfc062723c751e8b465ee728b)
Start importing Assets/Sprites/PlayerSprite2.png using Guid(ef675dd9945afa942841ee44c050b5c6) Importer(815301076,1909f56bfc062723c751e8b465ee728b)  -> (artifact id: 'ad9db9e25b80c771b0d7b074a3158ce1') in 0.083332 seconds
  Import took 0.117413 seconds .

========================================================================
Received Import Request.
  Time since last request: 0.000444 seconds.
  path: Assets/Sprites/PlayerSprite3.png
  artifactKey: Guid(415642f7404e0154a99afa3c2da63c7f) Importer(815301076,1909f56bfc062723c751e8b465ee728b)
Start importing Assets/Sprites/PlayerSprite3.png using Guid(415642f7404e0154a99afa3c2da63c7f) Importer(815301076,1909f56bfc062723c751e8b465ee728b)  -> (artifact id: '18e4f76a72f05dd560c0c9ca267818da') in 0.084024 seconds
  Import took 0.119176 seconds .

========================================================================
Received Import Request.
  Time since last request: 262.030944 seconds.
  path: Assets/Sprites/PlayerSprite1.png
  artifactKey: Guid(48971194fbb03c642bedb86f4f898cbb) Importer(815301076,1909f56bfc062723c751e8b465ee728b)
Start importing Assets/Sprites/PlayerSprite1.png using Guid(48971194fbb03c642bedb86f4f898cbb) Importer(815301076,1909f56bfc062723c751e8b465ee728b)  -> (artifact id: '30c256f31e94daf24556a50734f4e37c') in 0.046712 seconds
  Import took 0.091207 seconds .

========================================================================
Received Import Request.
  Time since last request: 36.448401 seconds.
  path: Assets/Sprites/PlayerSprite1.png
  artifactKey: Guid(48971194fbb03c642bedb86f4f898cbb) Importer(815301076,1909f56bfc062723c751e8b465ee728b)
Start importing Assets/Sprites/PlayerSprite1.png using Guid(48971194fbb03c642bedb86f4f898cbb) Importer(815301076,1909f56bfc062723c751e8b465ee728b)  -> (artifact id: 'ce2c4add4b4ab5cf424f60f253d19cf1') in 0.040949 seconds
  Import took 0.057931 seconds .

========================================================================
Received Import Request.
  Time since last request: 16.201034 seconds.
  path: Assets/Sprites/PlayerSprite2.png
  artifactKey: Guid(ef675dd9945afa942841ee44c050b5c6) Importer(815301076,1909f56bfc062723c751e8b465ee728b)
Start importing Assets/Sprites/PlayerSprite2.png using Guid(ef675dd9945afa942841ee44c050b5c6) Importer(815301076,1909f56bfc062723c751e8b465ee728b)  -> (artifact id: 'a625b8e98d23fb8870767b98cf45d543') in 0.026541 seconds
  Import took 0.044979 seconds .

========================================================================
Received Import Request.
  Time since last request: 14.407379 seconds.
  path: Assets/Sprites/PlayerSprite2.png
  artifactKey: Guid(ef675dd9945afa942841ee44c050b5c6) Importer(815301076,1909f56bfc062723c751e8b465ee728b)
Start importing Assets/Sprites/PlayerSprite2.png using Guid(ef675dd9945afa942841ee44c050b5c6) Importer(815301076,1909f56bfc062723c751e8b465ee728b)  -> (artifact id: '6a06cfdbf244c06ce48d2f8b3173c433') in 0.034456 seconds
  Import took 0.064677 seconds .

========================================================================
Received Import Request.
  Time since last request: 28.341134 seconds.
  path: Assets/Sprites/PlayerSprite3.png
  artifactKey: Guid(415642f7404e0154a99afa3c2da63c7f) Importer(815301076,1909f56bfc062723c751e8b465ee728b)
Start importing Assets/Sprites/PlayerSprite3.png using Guid(415642f7404e0154a99afa3c2da63c7f) Importer(815301076,1909f56bfc062723c751e8b465ee728b)  -> (artifact id: '89fbcd10544f89e181cf583ef9fd3d29') in 0.030793 seconds
  Import took 0.054987 seconds .

========================================================================
Received Import Request.
  Time since last request: 4.067262 seconds.
  path: Assets/Sprites/PlayerSprite3.png
  artifactKey: Guid(415642f7404e0154a99afa3c2da63c7f) Importer(815301076,1909f56bfc062723c751e8b465ee728b)
Start importing Assets/Sprites/PlayerSprite3.png using Guid(415642f7404e0154a99afa3c2da63c7f) Importer(815301076,1909f56bfc062723c751e8b465ee728b)  -> (artifact id: 'a8aaec33ea499ae87f72072a3f1b3c44') in 0.041503 seconds
  Import took 0.048875 seconds .

========================================================================
Received Import Request.
  Time since last request: 16.956394 seconds.
  path: Assets/Prefab/Player.prefab
  artifactKey: Guid(26e3616b8aa1c564486477957f350bb3) Importer(815301076,1909f56bfc062723c751e8b465ee728b)
Start importing Assets/Prefab/Player.prefab using Guid(26e3616b8aa1c564486477957f350bb3) Importer(815301076,1909f56bfc062723c751e8b465ee728b)  -> (artifact id: '499a5aa0366b55bb26b35b030c06545d') in 0.076700 seconds
  Import took 0.081409 seconds .

========================================================================
Received Import Request.
  Time since last request: 10.832743 seconds.
  path: Assets/Prefab/Player.prefab
  artifactKey: Guid(26e3616b8aa1c564486477957f350bb3) Importer(815301076,1909f56bfc062723c751e8b465ee728b)
Start importing Assets/Prefab/Player.prefab using Guid(26e3616b8aa1c564486477957f350bb3) Importer(815301076,1909f56bfc062723c751e8b465ee728b)  -> (artifact id: 'e6cecdd9b6ba0c9036f9dc84a1ea9311') in 0.064462 seconds
  Import took 0.091834 seconds .

========================================================================
Received Prepare
Registering precompiled user dll's ...
Registered in 0.044095 seconds.
Begin MonoManager ReloadAssembly
Native extension for WindowsStandalone target not found
Refreshing native plugins compatible for Editor in 0.91 ms, found 1 plugins.
Preloading 0 native plugins for Editor in 0.00 ms.
Mono: successfully reloaded assembly
- Completed reload, in  1.952 seconds
Platform modules already initialized, skipping
Refreshing native plugins compatible for Editor in 0.39 ms, found 1 plugins.
Preloading 0 native plugins for Editor in 0.00 ms.
Unloading 1804 Unused Serialized files (Serialized files now loaded: 0)
System memory in use before: 88.1 MB.
System memory in use after: 88.1 MB.

Unloading 12 unused Assets to reduce memory usage. Loaded Objects now: 2280.
Total: 3.178300 ms (FindLiveObjects: 0.231300 ms CreateObjectMapping: 0.086300 ms MarkObjects: 2.680300 ms  DeleteObjects: 0.178500 ms)

========================================================================
Received Import Request.
  Time since last request: 121.254165 seconds.
  path: Assets/Sprites/PlayerSprite3.png
  artifactKey: Guid(415642f7404e0154a99afa3c2da63c7f) Importer(815301076,1909f56bfc062723c751e8b465ee728b)
Start importing Assets/Sprites/PlayerSprite3.png using Guid(415642f7404e0154a99afa3c2da63c7f) Importer(815301076,1909f56bfc062723c751e8b465ee728b)  -> (artifact id: '569b175e110489d62f00504aad88ac0c') in 0.153031 seconds
  Import took 0.160808 seconds .

========================================================================
Received Import Request.
  Time since last request: 0.000961 seconds.
  path: Assets/Sprites/PlayerSprite2.png
  artifactKey: Guid(ef675dd9945afa942841ee44c050b5c6) Importer(815301076,1909f56bfc062723c751e8b465ee728b)
Start importing Assets/Sprites/PlayerSprite2.png using Guid(ef675dd9945afa942841ee44c050b5c6) Importer(815301076,1909f56bfc062723c751e8b465ee728b)  -> (artifact id: '51a3f8a3bf24463478973b7c9e1cf12e') in 0.033351 seconds
  Import took 0.039879 seconds .

========================================================================
Received Import Request.
  Time since last request: 0.000501 seconds.
  path: Assets/Sprites/PlayerSprite1.png
  artifactKey: Guid(48971194fbb03c642bedb86f4f898cbb) Importer(815301076,1909f56bfc062723c751e8b465ee728b)
Start importing Assets/Sprites/PlayerSprite1.png using Guid(48971194fbb03c642bedb86f4f898cbb) Importer(815301076,1909f56bfc062723c751e8b465ee728b)  -> (artifact id: '5847b1c30233c9e4d814ca47b641a2f2') in 0.041290 seconds
  Import took 0.054475 seconds .

========================================================================
Received Import Request.
  Time since last request: 0.023950 seconds.
  path: Assets/Sprites/PlayerSprite1.png
  artifactKey: Guid(48971194fbb03c642bedb86f4f898cbb) Importer(815301076,1909f56bfc062723c751e8b465ee728b)
Start importing Assets/Sprites/PlayerSprite1.png using Guid(48971194fbb03c642bedb86f4f898cbb) Importer(815301076,1909f56bfc062723c751e8b465ee728b)  -> (artifact id: '5847b1c30233c9e4d814ca47b641a2f2') in 0.029021 seconds
  Import took 0.046932 seconds .

========================================================================
Received Import Request.
  Time since last request: 5.898159 seconds.
  path: Assets/Sprites/PlayerSprite3.png
  artifactKey: Guid(415642f7404e0154a99afa3c2da63c7f) Importer(815301076,1909f56bfc062723c751e8b465ee728b)
Start importing Assets/Sprites/PlayerSprite3.png using Guid(415642f7404e0154a99afa3c2da63c7f) Importer(815301076,1909f56bfc062723c751e8b465ee728b)  -> (artifact id: 'eceae75dbca62255688cec3cf1586f92') in 0.023844 seconds
  Import took 0.041000 seconds .

========================================================================
Received Import Request.
  Time since last request: 0.000429 seconds.
  path: Assets/Sprites/PlayerSprite2.png
  artifactKey: Guid(ef675dd9945afa942841ee44c050b5c6) Importer(815301076,1909f56bfc062723c751e8b465ee728b)
Start importing Assets/Sprites/PlayerSprite2.png using Guid(ef675dd9945afa942841ee44c050b5c6) Importer(815301076,1909f56bfc062723c751e8b465ee728b)  -> (artifact id: '1ef98fbe13ee42817b88f1e3d85c3d3a') in 0.025507 seconds
  Import took 0.032931 seconds .

========================================================================
Received Import Request.
  Time since last request: 0.000426 seconds.
  path: Assets/Sprites/PlayerSprite1.png
  artifactKey: Guid(48971194fbb03c642bedb86f4f898cbb) Importer(815301076,1909f56bfc062723c751e8b465ee728b)
Start importing Assets/Sprites/PlayerSprite1.png using Guid(48971194fbb03c642bedb86f4f898cbb) Importer(815301076,1909f56bfc062723c751e8b465ee728b)  -> (artifact id: '67e5d8f358b04cf89f590fd699e555bd') in 0.023901 seconds
  Import took 0.045282 seconds .

========================================================================
Received Import Request.
  Time since last request: 3.659317 seconds.
  path: Assets/Sprites/PlayerSprite3.png
  artifactKey: Guid(415642f7404e0154a99afa3c2da63c7f) Importer(815301076,1909f56bfc062723c751e8b465ee728b)
Start importing Assets/Sprites/PlayerSprite3.png using Guid(415642f7404e0154a99afa3c2da63c7f) Importer(815301076,1909f56bfc062723c751e8b465ee728b)  -> (artifact id: '359991f7bc3ef9cd7cab312f131ba34f') in 0.025740 seconds
  Import took 0.035792 seconds .

========================================================================
Received Import Request.
  Time since last request: 0.002012 seconds.
  path: Assets/Sprites/PlayerSprite1.png
  artifactKey: Guid(48971194fbb03c642bedb86f4f898cbb) Importer(815301076,1909f56bfc062723c751e8b465ee728b)
Start importing Assets/Sprites/PlayerSprite1.png using Guid(48971194fbb03c642bedb86f4f898cbb) Importer(815301076,1909f56bfc062723c751e8b465ee728b)  -> (artifact id: '7a6d393a9e23ade23debad50c74d0831') in 0.025268 seconds
  Import took 0.035800 seconds .

========================================================================
Received Import Request.
  Time since last request: 0.000479 seconds.
  path: Assets/Sprites/PlayerSprite2.png
  artifactKey: Guid(ef675dd9945afa942841ee44c050b5c6) Importer(815301076,1909f56bfc062723c751e8b465ee728b)
Start importing Assets/Sprites/PlayerSprite2.png using Guid(ef675dd9945afa942841ee44c050b5c6) Importer(815301076,1909f56bfc062723c751e8b465ee728b)  -> (artifact id: '4027b338257e91652d56ab1859dd17ef') in 0.028126 seconds
  Import took 0.044571 seconds .

========================================================================
Received Import Request.
  Time since last request: 0.000637 seconds.
  path: Assets/Sprites/PlayerSprite1.png
  artifactKey: Guid(48971194fbb03c642bedb86f4f898cbb) Importer(815301076,1909f56bfc062723c751e8b465ee728b)
Start importing Assets/Sprites/PlayerSprite1.png using Guid(48971194fbb03c642bedb86f4f898cbb) Importer(815301076,1909f56bfc062723c751e8b465ee728b)  -> (artifact id: '7a6d393a9e23ade23debad50c74d0831') in 0.020728 seconds
  Import took 0.026335 seconds .

========================================================================
Received Prepare
Registering precompiled user dll's ...
Registered in 0.001769 seconds.
Begin MonoManager ReloadAssembly
Native extension for WindowsStandalone target not found
Refreshing native plugins compatible for Editor in 0.64 ms, found 1 plugins.
Preloading 0 native plugins for Editor in 0.00 ms.
Mono: successfully reloaded assembly
- Completed reload, in  1.580 seconds
Platform modules already initialized, skipping
Refreshing native plugins compatible for Editor in 0.45 ms, found 1 plugins.
Preloading 0 native plugins for Editor in 0.00 ms.
Unloading 1804 Unused Serialized files (Serialized files now loaded: 0)
System memory in use before: 88.1 MB.
System memory in use after: 88.1 MB.

Unloading 12 unused Assets to reduce memory usage. Loaded Objects now: 2285.
Total: 6.724700 ms (FindLiveObjects: 0.444300 ms CreateObjectMapping: 0.186800 ms MarkObjects: 5.839100 ms  DeleteObjects: 0.252400 ms)

========================================================================
Received Import Request.
  Time since last request: 22.062092 seconds.
  path: Assets/Sprites/PlayerSprite2.png
  artifactKey: Guid(ef675dd9945afa942841ee44c050b5c6) Importer(815301076,1909f56bfc062723c751e8b465ee728b)
Start importing Assets/Sprites/PlayerSprite2.png using Guid(ef675dd9945afa942841ee44c050b5c6) Importer(815301076,1909f56bfc062723c751e8b465ee728b)  -> (artifact id: 'a45cf0a90db84c1d30338d98a7193e26') in 0.107222 seconds
  Import took 0.111450 seconds .

========================================================================
Received Import Request.
  Time since last request: 0.000388 seconds.
  path: Assets/Sprites/PlayerSprite1.png
  artifactKey: Guid(48971194fbb03c642bedb86f4f898cbb) Importer(815301076,1909f56bfc062723c751e8b465ee728b)
Start importing Assets/Sprites/PlayerSprite1.png using Guid(48971194fbb03c642bedb86f4f898cbb) Importer(815301076,1909f56bfc062723c751e8b465ee728b)  -> (artifact id: '0e3a1e94e5732473fffe858b269d801c') in 0.034221 seconds
  Import took 0.092048 seconds .

========================================================================
Received Import Request.
  Time since last request: 0.000362 seconds.
  path: Assets/Sprites/PlayerSprite3.png
  artifactKey: Guid(415642f7404e0154a99afa3c2da63c7f) Importer(815301076,1909f56bfc062723c751e8b465ee728b)
Start importing Assets/Sprites/PlayerSprite3.png using Guid(415642f7404e0154a99afa3c2da63c7f) Importer(815301076,1909f56bfc062723c751e8b465ee728b)  -> (artifact id: 'f638ce5d4b278bd5d7f296636b3d835e') in 0.042048 seconds
  Import took 0.051438 seconds .

========================================================================
Received Prepare
Registering precompiled user dll's ...
Registered in 0.001073 seconds.
Begin MonoManager ReloadAssembly
Native extension for WindowsStandalone target not found
Refreshing native plugins compatible for Editor in 0.41 ms, found 1 plugins.
Preloading 0 native plugins for Editor in 0.00 ms.
Mono: successfully reloaded assembly
- Completed reload, in  2.742 seconds
Platform modules already initialized, skipping
Refreshing native plugins compatible for Editor in 0.43 ms, found 1 plugins.
Preloading 0 native plugins for Editor in 0.00 ms.
Unloading 1804 Unused Serialized files (Serialized files now loaded: 0)
System memory in use before: 88.2 MB.
System memory in use after: 88.1 MB.

Unloading 12 unused Assets to reduce memory usage. Loaded Objects now: 2290.
Total: 3.539300 ms (FindLiveObjects: 0.248200 ms CreateObjectMapping: 0.091600 ms MarkObjects: 3.040600 ms  DeleteObjects: 0.157100 ms)

========================================================================
Received Import Request.
  Time since last request: 73.596100 seconds.
  path: Assets/Prefab/Player.prefab
  artifactKey: Guid(26e3616b8aa1c564486477957f350bb3) Importer(815301076,1909f56bfc062723c751e8b465ee728b)
Start importing Assets/Prefab/Player.prefab using Guid(26e3616b8aa1c564486477957f350bb3) Importer(815301076,1909f56bfc062723c751e8b465ee728b)  -> (artifact id: '1c2981eb8b4616ab2e300ca1f34a6e71') in 0.195573 seconds
  Import took 0.208958 seconds .

========================================================================
Received Import Request.
  Time since last request: 41.948373 seconds.
  path: Assets/Sprites/PlayerSprite3.png
  artifactKey: Guid(415642f7404e0154a99afa3c2da63c7f) Importer(815301076,1909f56bfc062723c751e8b465ee728b)
Start importing Assets/Sprites/PlayerSprite3.png using Guid(415642f7404e0154a99afa3c2da63c7f) Importer(815301076,1909f56bfc062723c751e8b465ee728b)  -> (artifact id: '53f09ae0fdea353e7681fea19e781ad9') in 0.108467 seconds
  Import took 0.113810 seconds .

========================================================================
Received Import Request.
  Time since last request: 0.000446 seconds.
  path: Assets/Sprites/PlayerSprite2.png
  artifactKey: Guid(ef675dd9945afa942841ee44c050b5c6) Importer(815301076,1909f56bfc062723c751e8b465ee728b)
Start importing Assets/Sprites/PlayerSprite2.png using Guid(ef675dd9945afa942841ee44c050b5c6) Importer(815301076,1909f56bfc062723c751e8b465ee728b)  -> (artifact id: '49c74001707e852108c8f7b998262d27') in 0.024362 seconds
  Import took 0.029666 seconds .

========================================================================
Received Import Request.
  Time since last request: 0.000380 seconds.
  path: Assets/Sprites/PlayerSprite1.png
  artifactKey: Guid(48971194fbb03c642bedb86f4f898cbb) Importer(815301076,1909f56bfc062723c751e8b465ee728b)
Start importing Assets/Sprites/PlayerSprite1.png using Guid(48971194fbb03c642bedb86f4f898cbb) Importer(815301076,1909f56bfc062723c751e8b465ee728b)  -> (artifact id: '72a829c1229a8d66ca4067884eefc043') in 0.039185 seconds
  Import took 0.059208 seconds .

========================================================================
Received Import Request.
  Time since last request: 0.012311 seconds.
  path: Assets/Sprites/PlayerSprite1.png
  artifactKey: Guid(48971194fbb03c642bedb86f4f898cbb) Importer(815301076,1909f56bfc062723c751e8b465ee728b)
Start importing Assets/Sprites/PlayerSprite1.png using Guid(48971194fbb03c642bedb86f4f898cbb) Importer(815301076,1909f56bfc062723c751e8b465ee728b)  -> (artifact id: '72a829c1229a8d66ca4067884eefc043') in 0.020842 seconds
  Import took 0.027859 seconds .

========================================================================
Received Import Request.
  Time since last request: 122.711315 seconds.
  path: Assets/Sprites/PlayerSprite1.png
  artifactKey: Guid(48971194fbb03c642bedb86f4f898cbb) Importer(815301076,1909f56bfc062723c751e8b465ee728b)
Start importing Assets/Sprites/PlayerSprite1.png using Guid(48971194fbb03c642bedb86f4f898cbb) Importer(815301076,1909f56bfc062723c751e8b465ee728b)  -> (artifact id: 'b4d1b49cc32d73be873b84492df60b44') in 0.069884 seconds
  Import took 0.083574 seconds .

========================================================================
Received Import Request.
  Time since last request: 43.294063 seconds.
  path: Assets/Sprites/PlayerSprite2.png
  artifactKey: Guid(ef675dd9945afa942841ee44c050b5c6) Importer(815301076,1909f56bfc062723c751e8b465ee728b)
Start importing Assets/Sprites/PlayerSprite2.png using Guid(ef675dd9945afa942841ee44c050b5c6) Importer(815301076,1909f56bfc062723c751e8b465ee728b)  -> (artifact id: 'c167a0f09669651c214d8674e983f5a1') in 0.040031 seconds
  Import took 0.067972 seconds .

========================================================================
Received Import Request.
  Time since last request: 136.371452 seconds.
  path: Assets/Sprites/PlayerSprite3.png
  artifactKey: Guid(415642f7404e0154a99afa3c2da63c7f) Importer(815301076,1909f56bfc062723c751e8b465ee728b)
Start importing Assets/Sprites/PlayerSprite3.png using Guid(415642f7404e0154a99afa3c2da63c7f) Importer(815301076,1909f56bfc062723c751e8b465ee728b)  -> (artifact id: '2f24a51568f9d6dccc699486c643e5a3') in 0.034336 seconds
  Import took 0.041757 seconds .

========================================================================
Received Prepare
Registering precompiled user dll's ...
Registered in 0.001510 seconds.
Begin MonoManager ReloadAssembly
Native extension for WindowsStandalone target not found
Refreshing native plugins compatible for Editor in 0.51 ms, found 1 plugins.
Preloading 0 native plugins for Editor in 0.00 ms.
Mono: successfully reloaded assembly
- Completed reload, in  1.952 seconds
Platform modules already initialized, skipping
Refreshing native plugins compatible for Editor in 0.40 ms, found 1 plugins.
Preloading 0 native plugins for Editor in 0.00 ms.
Unloading 1804 Unused Serialized files (Serialized files now loaded: 0)
System memory in use before: 88.2 MB.
System memory in use after: 88.2 MB.

Unloading 12 unused Assets to reduce memory usage. Loaded Objects now: 2297.
Total: 3.362300 ms (FindLiveObjects: 0.786800 ms CreateObjectMapping: 0.119100 ms MarkObjects: 2.245200 ms  DeleteObjects: 0.208900 ms)

========================================================================
Received Prepare
Registering precompiled user dll's ...
Registered in 0.001325 seconds.
Begin MonoManager ReloadAssembly
Native extension for WindowsStandalone target not found
Refreshing native plugins compatible for Editor in 0.39 ms, found 1 plugins.
Preloading 0 native plugins for Editor in 0.00 ms.
Mono: successfully reloaded assembly
- Completed reload, in  1.180 seconds
Platform modules already initialized, skipping
Refreshing native plugins compatible for Editor in 0.39 ms, found 1 plugins.
Preloading 0 native plugins for Editor in 0.00 ms.
Unloading 1804 Unused Serialized files (Serialized files now loaded: 0)
System memory in use before: 88.2 MB.
System memory in use after: 88.2 MB.

Unloading 12 unused Assets to reduce memory usage. Loaded Objects now: 2301.
Total: 3.046900 ms (FindLiveObjects: 0.350600 ms CreateObjectMapping: 0.110400 ms MarkObjects: 2.432400 ms  DeleteObjects: 0.151800 ms)

========================================================================
Received Prepare
Registering precompiled user dll's ...
Registered in 0.001029 seconds.
Begin MonoManager ReloadAssembly
Native extension for WindowsStandalone target not found
Refreshing native plugins compatible for Editor in 0.59 ms, found 1 plugins.
Preloading 0 native plugins for Editor in 0.00 ms.
Mono: successfully reloaded assembly
- Completed reload, in  4.720 seconds
Platform modules already initialized, skipping
Refreshing native plugins compatible for Editor in 0.64 ms, found 1 plugins.
Preloading 0 native plugins for Editor in 0.00 ms.
Unloading 1804 Unused Serialized files (Serialized files now loaded: 0)
System memory in use before: 88.2 MB.
System memory in use after: 88.2 MB.

Unloading 12 unused Assets to reduce memory usage. Loaded Objects now: 2305.
Total: 6.210600 ms (FindLiveObjects: 0.841200 ms CreateObjectMapping: 0.301700 ms MarkObjects: 4.894400 ms  DeleteObjects: 0.165500 ms)

========================================================================
Received Import Request.
  Time since last request: 239.721647 seconds.
  path: Assets/Prefab/Player.prefab
  artifactKey: Guid(26e3616b8aa1c564486477957f350bb3) Importer(815301076,1909f56bfc062723c751e8b465ee728b)
Start importing Assets/Prefab/Player.prefab using Guid(26e3616b8aa1c564486477957f350bb3) Importer(815301076,1909f56bfc062723c751e8b465ee728b)  -> (artifact id: '8569946a4f4c53c1dcee4c4211bc0766') in 0.437263 seconds
  Import took 0.442500 seconds .

========================================================================
Received Prepare
Registering precompiled user dll's ...
Registered in 0.004661 seconds.
Begin MonoManager ReloadAssembly
Native extension for WindowsStandalone target not found
Refreshing native plugins compatible for Editor in 0.49 ms, found 1 plugins.
Preloading 0 native plugins for Editor in 0.00 ms.
Mono: successfully reloaded assembly
- Completed reload, in  2.153 seconds
Platform modules already initialized, skipping
Refreshing native plugins compatible for Editor in 0.60 ms, found 1 plugins.
Preloading 0 native plugins for Editor in 0.00 ms.
Unloading 1804 Unused Serialized files (Serialized files now loaded: 0)
System memory in use before: 88.2 MB.
System memory in use after: 88.2 MB.

Unloading 12 unused Assets to reduce memory usage. Loaded Objects now: 2310.
Total: 5.413800 ms (FindLiveObjects: 0.321300 ms CreateObjectMapping: 0.110000 ms MarkObjects: 4.767600 ms  DeleteObjects: 0.211200 ms)

========================================================================
Received Import Request.
  Time since last request: 179.693747 seconds.
  path: Assets/Prefab/Player.prefab
  artifactKey: Guid(26e3616b8aa1c564486477957f350bb3) Importer(815301076,1909f56bfc062723c751e8b465ee728b)
Start importing Assets/Prefab/Player.prefab using Guid(26e3616b8aa1c564486477957f350bb3) Importer(815301076,1909f56bfc062723c751e8b465ee728b)  -> (artifact id: '2e623221de1e69be26ec756e7318cd62') in 0.202948 seconds
  Import took 0.221591 seconds .

========================================================================
Received Import Request.
  Time since last request: 63.076898 seconds.
  path: Assets/Scenes/Map1.unity
  artifactKey: Guid(2cda990e2423bbf4892e6590ba056729) Importer(815301076,1909f56bfc062723c751e8b465ee728b)
Start importing Assets/Scenes/Map1.unity using Guid(2cda990e2423bbf4892e6590ba056729) Importer(815301076,1909f56bfc062723c751e8b465ee728b)  -> (artifact id: '5d482974a18ecbf28c0c7f8958ccb27a') in 0.407267 seconds
  Import took 0.422159 seconds .

========================================================================
Received Prepare
Registering precompiled user dll's ...
Registered in 0.001172 seconds.
Begin MonoManager ReloadAssembly
Native extension for WindowsStandalone target not found
Refreshing native plugins compatible for Editor in 0.47 ms, found 1 plugins.
Preloading 0 native plugins for Editor in 0.00 ms.
Mono: successfully reloaded assembly
- Completed reload, in  1.158 seconds
Platform modules already initialized, skipping
Refreshing native plugins compatible for Editor in 0.41 ms, found 1 plugins.
Preloading 0 native plugins for Editor in 0.00 ms.
Unloading 1804 Unused Serialized files (Serialized files now loaded: 0)
System memory in use before: 88.2 MB.
System memory in use after: 88.2 MB.

Unloading 12 unused Assets to reduce memory usage. Loaded Objects now: 2315.
Total: 2.858800 ms (FindLiveObjects: 0.304300 ms CreateObjectMapping: 0.099400 ms MarkObjects: 2.299900 ms  DeleteObjects: 0.153100 ms)

========================================================================
Received Prepare
Registering precompiled user dll's ...
Registered in 0.001387 seconds.
Begin MonoManager ReloadAssembly
Native extension for WindowsStandalone target not found
Refreshing native plugins compatible for Editor in 0.39 ms, found 1 plugins.
Preloading 0 native plugins for Editor in 0.00 ms.
Mono: successfully reloaded assembly
- Completed reload, in  1.221 seconds
Platform modules already initialized, skipping
Refreshing native plugins compatible for Editor in 0.40 ms, found 1 plugins.
Preloading 0 native plugins for Editor in 0.00 ms.
Unloading 1804 Unused Serialized files (Serialized files now loaded: 0)
System memory in use before: 88.2 MB.
System memory in use after: 88.2 MB.

Unloading 12 unused Assets to reduce memory usage. Loaded Objects now: 2319.
Total: 3.086600 ms (FindLiveObjects: 0.201100 ms CreateObjectMapping: 0.082300 ms MarkObjects: 2.648200 ms  DeleteObjects: 0.153400 ms)

========================================================================
Received Import Request.
  Time since last request: 88.891382 seconds.
  path: Assets/Prefab/Player.prefab
  artifactKey: Guid(26e3616b8aa1c564486477957f350bb3) Importer(815301076,1909f56bfc062723c751e8b465ee728b)
Start importing Assets/Prefab/Player.prefab using Guid(26e3616b8aa1c564486477957f350bb3) Importer(815301076,1909f56bfc062723c751e8b465ee728b)  -> (artifact id: '0e79ff2b3bbc909a6788a72db136eddb') in 0.100009 seconds
  Import took 0.108765 seconds .

========================================================================
Received Prepare
Registering precompiled user dll's ...
Registered in 0.001203 seconds.
Begin MonoManager ReloadAssembly
Native extension for WindowsStandalone target not found
Refreshing native plugins compatible for Editor in 0.40 ms, found 1 plugins.
Preloading 0 native plugins for Editor in 0.00 ms.
Mono: successfully reloaded assembly
- Completed reload, in  1.128 seconds
Platform modules already initialized, skipping
Refreshing native plugins compatible for Editor in 0.57 ms, found 1 plugins.
Preloading 0 native plugins for Editor in 0.00 ms.
Unloading 1804 Unused Serialized files (Serialized files now loaded: 0)
System memory in use before: 88.3 MB.
System memory in use after: 88.2 MB.

Unloading 12 unused Assets to reduce memory usage. Loaded Objects now: 2324.
Total: 2.831000 ms (FindLiveObjects: 0.225000 ms CreateObjectMapping: 0.087400 ms MarkObjects: 2.349500 ms  DeleteObjects: 0.167700 ms)

========================================================================
Received Prepare
Registering precompiled user dll's ...
Registered in 0.002696 seconds.
Begin MonoManager ReloadAssembly
Native extension for WindowsStandalone target not found
Refreshing native plugins compatible for Editor in 0.41 ms, found 1 plugins.
Preloading 0 native plugins for Editor in 0.00 ms.
Mono: successfully reloaded assembly
- Completed reload, in  1.186 seconds
Platform modules already initialized, skipping
Refreshing native plugins compatible for Editor in 0.50 ms, found 1 plugins.
Preloading 0 native plugins for Editor in 0.00 ms.
Unloading 1804 Unused Serialized files (Serialized files now loaded: 0)
System memory in use before: 88.3 MB.
System memory in use after: 88.2 MB.

Unloading 12 unused Assets to reduce memory usage. Loaded Objects now: 2328.
Total: 2.696000 ms (FindLiveObjects: 0.254800 ms CreateObjectMapping: 0.207000 ms MarkObjects: 2.085300 ms  DeleteObjects: 0.147700 ms)

========================================================================
Received Prepare
Registering precompiled user dll's ...
Registered in 0.001142 seconds.
Begin MonoManager ReloadAssembly
Native extension for WindowsStandalone target not found
Refreshing native plugins compatible for Editor in 0.88 ms, found 1 plugins.
Preloading 0 native plugins for Editor in 0.00 ms.
Mono: successfully reloaded assembly
- Completed reload, in  1.253 seconds
Platform modules already initialized, skipping
Refreshing native plugins compatible for Editor in 0.44 ms, found 1 plugins.
Preloading 0 native plugins for Editor in 0.00 ms.
Unloading 1804 Unused Serialized files (Serialized files now loaded: 0)
System memory in use before: 88.3 MB.
System memory in use after: 88.2 MB.

Unloading 12 unused Assets to reduce memory usage. Loaded Objects now: 2332.
Total: 3.763700 ms (FindLiveObjects: 0.253200 ms CreateObjectMapping: 0.109800 ms MarkObjects: 3.197400 ms  DeleteObjects: 0.201400 ms)

========================================================================
Received Import Request.
  Time since last request: 559.642692 seconds.
  path: Assets/Animation/Walk.anim
  artifactKey: Guid(0b00d339ee94d82478a86fc110add6a7) Importer(815301076,1909f56bfc062723c751e8b465ee728b)
Start importing Assets/Animation/Walk.anim using Guid(0b00d339ee94d82478a86fc110add6a7) Importer(815301076,1909f56bfc062723c751e8b465ee728b)  -> (artifact id: 'd69c1c93ddde3118c8156d342696128f') in 0.044111 seconds
  Import took 0.048560 seconds .

========================================================================
Received Import Request.
  Time since last request: 0.039026 seconds.
  path: Assets/Animation/Walk.anim
  artifactKey: Guid(0b00d339ee94d82478a86fc110add6a7) Importer(815301076,1909f56bfc062723c751e8b465ee728b)
Start importing Assets/Animation/Walk.anim using Guid(0b00d339ee94d82478a86fc110add6a7) Importer(815301076,1909f56bfc062723c751e8b465ee728b)  -> (artifact id: 'd69c1c93ddde3118c8156d342696128f') in 0.007861 seconds
  Import took 0.012535 seconds .

========================================================================
Received Import Request.
  Time since last request: 19.240500 seconds.
  path: Assets/Animation/Player.controller
  artifactKey: Guid(42b8b32de68bfdf4dbb07d9bfeb0ec60) Importer(815301076,1909f56bfc062723c751e8b465ee728b)
Start importing Assets/Animation/Player.controller using Guid(42b8b32de68bfdf4dbb07d9bfeb0ec60) Importer(815301076,1909f56bfc062723c751e8b465ee728b)  -> (artifact id: 'c6a65ec401c35677c2c39d56be107290') in 0.016994 seconds
  Import took 0.037494 seconds .

========================================================================
Received Import Request.
  Time since last request: 3.325497 seconds.
  path: Assets/Animation
  artifactKey: Guid(129cda5dac42adf4390bb655d9d5d8a2) Importer(815301076,1909f56bfc062723c751e8b465ee728b)
Start importing Assets/Animation using Guid(129cda5dac42adf4390bb655d9d5d8a2) Importer(815301076,1909f56bfc062723c751e8b465ee728b)  -> (artifact id: 'cf550cda354ae083624b0ea532b5f1e7') in 0.013012 seconds
  Import took 0.019985 seconds .

========================================================================
Received Prepare
Registering precompiled user dll's ...
Registered in 0.000978 seconds.
Begin MonoManager ReloadAssembly
Native extension for WindowsStandalone target not found
Refreshing native plugins compatible for Editor in 0.40 ms, found 1 plugins.
Preloading 0 native plugins for Editor in 0.00 ms.
Mono: successfully reloaded assembly
- Completed reload, in  1.159 seconds
Platform modules already initialized, skipping
Refreshing native plugins compatible for Editor in 0.40 ms, found 1 plugins.
Preloading 0 native plugins for Editor in 0.00 ms.
Unloading 1804 Unused Serialized files (Serialized files now loaded: 0)
System memory in use before: 88.3 MB.
System memory in use after: 88.3 MB.

Unloading 12 unused Assets to reduce memory usage. Loaded Objects now: 2336.
Total: 3.030000 ms (FindLiveObjects: 0.236000 ms CreateObjectMapping: 0.086500 ms MarkObjects: 2.550500 ms  DeleteObjects: 0.155700 ms)

========================================================================
Received Import Request.
  Time since last request: 78.078075 seconds.
  path: Assets/Animation/Walk.anim
  artifactKey: Guid(0b00d339ee94d82478a86fc110add6a7) Importer(815301076,1909f56bfc062723c751e8b465ee728b)
Start importing Assets/Animation/Walk.anim using Guid(0b00d339ee94d82478a86fc110add6a7) Importer(815301076,1909f56bfc062723c751e8b465ee728b)  -> (artifact id: '268395934944af1f25a6913b5a8c412a') in 0.041286 seconds
  Import took 0.418928 seconds .

========================================================================
Received Import Request.
  Time since last request: 21.037345 seconds.
  path: Assets/Prefab/Player.prefab
  artifactKey: Guid(26e3616b8aa1c564486477957f350bb3) Importer(815301076,1909f56bfc062723c751e8b465ee728b)
Start importing Assets/Prefab/Player.prefab using Guid(26e3616b8aa1c564486477957f350bb3) Importer(815301076,1909f56bfc062723c751e8b465ee728b)  -> (artifact id: '60222f39da1cb9c78295ca5748e63130') in 0.082163 seconds
  Import took 0.095273 seconds .

========================================================================
Received Import Request.
  Time since last request: 5.073600 seconds.
  path: Assets/Prefab/Player.prefab
  artifactKey: Guid(26e3616b8aa1c564486477957f350bb3) Importer(815301076,1909f56bfc062723c751e8b465ee728b)
Start importing Assets/Prefab/Player.prefab using Guid(26e3616b8aa1c564486477957f350bb3) Importer(815301076,1909f56bfc062723c751e8b465ee728b) The AnimationClip 'Walk' used by the Animation component 'Player' must be marked as Legacy.

The AnimationClip 'Walk' used by the Animation component 'Player(Clone)' must be marked as Legacy.
UnityEngine.StackTraceUtility:ExtractStackTrace ()
UnityEditor.EditorUtility:Internal_InstantiateRemoveAllNonAnimationComponentsSingle (UnityEngine.Object,UnityEngine.Vector3,UnityEngine.Quaternion)
UnityEditor.EditorUtility:InstantiateRemoveAllNonAnimationComponents (UnityEngine.Object,UnityEngine.Vector3,UnityEngine.Quaternion)
UnityEditor.EditorUtility:InstantiateForAnimatorPreview (UnityEngine.Object)
UnityEditor.GameObjectInspector/PreviewData:UpdateGameObject (UnityEngine.Object)
UnityEditor.GameObjectInspector/PreviewData:.ctor (UnityEngine.Object)
UnityEditor.GameObjectInspector:GetPreviewData ()
UnityEditor.GameObjectInspector:RenderStaticPreview (string,UnityEngine.Object[],int,int)
UnityEditor.AssetPreviewUpdater:CreatePreviewForAsset (UnityEngine.Object,UnityEngine.Object[],string)

[C:\buildslave\unity\build\Modules/Animation/Animation.cpp line 2050]

The AnimationClip 'Walk' used by the Animation component 'Player(Clone)AnimatorPreview' must be marked as Legacy.
UnityEngine.StackTraceUtility:ExtractStackTrace ()
UnityEditor.EditorUtility:InitInstantiatedPreviewRecursive (UnityEngine.GameObject)
UnityEditor.EditorUtility:InstantiateForAnimatorPreview (UnityEngine.Object)
UnityEditor.GameObjectInspector/PreviewData:UpdateGameObject (UnityEngine.Object)
UnityEditor.GameObjectInspector/PreviewData:.ctor (UnityEngine.Object)
UnityEditor.GameObjectInspector:GetPreviewData ()
UnityEditor.GameObjectInspector:RenderStaticPreview (string,UnityEngine.Object[],int,int)
UnityEditor.AssetPreviewUpdater:CreatePreviewForAsset (UnityEngine.Object,UnityEngine.Object[],string)

[C:\buildslave\unity\build\Modules/Animation/Animation.cpp line 2050]

 -> (artifact id: '689a0f4853369a0dba835aa5e23732d8') in 0.018704 seconds
  Import took 0.038912 seconds .

========================================================================
Received Import Request.
  Time since last request: 48.165626 seconds.
  path: Assets/Prefab/Player.prefab
  artifactKey: Guid(26e3616b8aa1c564486477957f350bb3) Importer(815301076,1909f56bfc062723c751e8b465ee728b)
Start importing Assets/Prefab/Player.prefab using Guid(26e3616b8aa1c564486477957f350bb3) Importer(815301076,1909f56bfc062723c751e8b465ee728b) The AnimationClip 'Walk' used by the Animation component 'Player' must be marked as Legacy.

The AnimationClip 'Walk' used by the Animation component 'Player(Clone)' must be marked as Legacy.
UnityEngine.StackTraceUtility:ExtractStackTrace ()
UnityEditor.EditorUtility:Internal_InstantiateRemoveAllNonAnimationComponentsSingle (UnityEngine.Object,UnityEngine.Vector3,UnityEngine.Quaternion)
UnityEditor.EditorUtility:InstantiateRemoveAllNonAnimationComponents (UnityEngine.Object,UnityEngine.Vector3,UnityEngine.Quaternion)
UnityEditor.EditorUtility:InstantiateForAnimatorPreview (UnityEngine.Object)
UnityEditor.GameObjectInspector/PreviewData:UpdateGameObject (UnityEngine.Object)
UnityEditor.GameObjectInspector/PreviewData:.ctor (UnityEngine.Object)
UnityEditor.GameObjectInspector:GetPreviewData ()
UnityEditor.GameObjectInspector:RenderStaticPreview (string,UnityEngine.Object[],int,int)
UnityEditor.AssetPreviewUpdater:CreatePreviewForAsset (UnityEngine.Object,UnityEngine.Object[],string)

[C:\buildslave\unity\build\Modules/Animation/Animation.cpp line 2050]

The AnimationClip 'Walk' used by the Animation component 'Player(Clone)AnimatorPreview' must be marked as Legacy.
UnityEngine.StackTraceUtility:ExtractStackTrace ()
UnityEditor.EditorUtility:InitInstantiatedPreviewRecursive (UnityEngine.GameObject)
UnityEditor.EditorUtility:InstantiateForAnimatorPreview (UnityEngine.Object)
UnityEditor.GameObjectInspector/PreviewData:UpdateGameObject (UnityEngine.Object)
UnityEditor.GameObjectInspector/PreviewData:.ctor (UnityEngine.Object)
UnityEditor.GameObjectInspector:GetPreviewData ()
UnityEditor.GameObjectInspector:RenderStaticPreview (string,UnityEngine.Object[],int,int)
UnityEditor.AssetPreviewUpdater:CreatePreviewForAsset (UnityEngine.Object,UnityEngine.Object[],string)

[C:\buildslave\unity\build\Modules/Animation/Animation.cpp line 2050]

 -> (artifact id: 'c5e38f34300cbfc01c960d6cdc4a61c5') in 0.021165 seconds
  Import took 0.028233 seconds .

========================================================================
Received Import Request.
  Time since last request: 134.873008 seconds.
  path: Assets/Animation/PlayerAdle.anim
  artifactKey: Guid(c28557664d0e6ce4a94fa81028918e18) Importer(815301076,1909f56bfc062723c751e8b465ee728b)
Start importing Assets/Animation/PlayerAdle.anim using Guid(c28557664d0e6ce4a94fa81028918e18) Importer(815301076,1909f56bfc062723c751e8b465ee728b)  -> (artifact id: 'd89fb20139ab5d277b1da4a0e83f8cd6') in 0.024370 seconds
  Import took 0.032466 seconds .

========================================================================
Received Import Request.
  Time since last request: 5.091716 seconds.
  path: Assets/Animation/PlayerWalk.anim
  artifactKey: Guid(0b00d339ee94d82478a86fc110add6a7) Importer(815301076,1909f56bfc062723c751e8b465ee728b)
Start importing Assets/Animation/PlayerWalk.anim using Guid(0b00d339ee94d82478a86fc110add6a7) Importer(815301076,1909f56bfc062723c751e8b465ee728b)  -> (artifact id: 'f051b4201a13740f324f770b81305943') in 0.069328 seconds
  Import took 0.075717 seconds .

========================================================================
Received Prepare
Registering precompiled user dll's ...
Registered in 0.020558 seconds.
Begin MonoManager ReloadAssembly
Native extension for WindowsStandalone target not found
Refreshing native plugins compatible for Editor in 0.44 ms, found 1 plugins.
Preloading 0 native plugins for Editor in 0.00 ms.
Mono: successfully reloaded assembly
- Completed reload, in  1.893 seconds
Platform modules already initialized, skipping
Refreshing native plugins compatible for Editor in 0.42 ms, found 1 plugins.
Preloading 0 native plugins for Editor in 0.00 ms.
Unloading 1804 Unused Serialized files (Serialized files now loaded: 0)
System memory in use before: 88.4 MB.
System memory in use after: 88.4 MB.

Unloading 12 unused Assets to reduce memory usage. Loaded Objects now: 2341.
Total: 4.234500 ms (FindLiveObjects: 1.648800 ms CreateObjectMapping: 0.164100 ms MarkObjects: 2.261700 ms  DeleteObjects: 0.158500 ms)

========================================================================
Received Import Request.
  Time since last request: 64.866141 seconds.
  path: Assets/Animation/PlayerAdle.anim
  artifactKey: Guid(c28557664d0e6ce4a94fa81028918e18) Importer(815301076,1909f56bfc062723c751e8b465ee728b)
Start importing Assets/Animation/PlayerAdle.anim using Guid(c28557664d0e6ce4a94fa81028918e18) Importer(815301076,1909f56bfc062723c751e8b465ee728b)  -> (artifact id: '247f09f426852c7f13dfa9f496980234') in 0.030684 seconds
  Import took 0.036970 seconds .

========================================================================
Received Import Request.
  Time since last request: 0.000498 seconds.
  path: Assets/Animation/PlayerWalk.anim
  artifactKey: Guid(0b00d339ee94d82478a86fc110add6a7) Importer(815301076,1909f56bfc062723c751e8b465ee728b)
Start importing Assets/Animation/PlayerWalk.anim using Guid(0b00d339ee94d82478a86fc110add6a7) Importer(815301076,1909f56bfc062723c751e8b465ee728b)  -> (artifact id: 'f2414de682925b4b183c767ef962ee13') in 0.018147 seconds
  Import took 0.024854 seconds .

========================================================================
Received Import Request.
  Time since last request: 549.483242 seconds.
  path: Assets/Animation/Player.controller
  artifactKey: Guid(42b8b32de68bfdf4dbb07d9bfeb0ec60) Importer(815301076,1909f56bfc062723c751e8b465ee728b)
Start importing Assets/Animation/Player.controller using Guid(42b8b32de68bfdf4dbb07d9bfeb0ec60) Importer(815301076,1909f56bfc062723c751e8b465ee728b)  -> (artifact id: 'be48d5daec2a148e35220a1710bc9eda') in 0.673027 seconds
  Import took 1.025861 seconds .

========================================================================
Received Prepare
Registering precompiled user dll's ...
Registered in 0.058083 seconds.
Begin MonoManager ReloadAssembly
Native extension for WindowsStandalone target not found
Refreshing native plugins compatible for Editor in 0.72 ms, found 1 plugins.
Preloading 0 native plugins for Editor in 0.00 ms.
Mono: successfully reloaded assembly
- Completed reload, in  2.878 seconds
Platform modules already initialized, skipping
Refreshing native plugins compatible for Editor in 0.39 ms, found 1 plugins.
Preloading 0 native plugins for Editor in 0.00 ms.
Unloading 1804 Unused Serialized files (Serialized files now loaded: 0)
System memory in use before: 88.5 MB.
System memory in use after: 88.4 MB.

Unloading 12 unused Assets to reduce memory usage. Loaded Objects now: 2345.
Total: 120.836400 ms (FindLiveObjects: 0.975800 ms CreateObjectMapping: 0.164200 ms MarkObjects: 111.259300 ms  DeleteObjects: 8.433300 ms)

========================================================================
Received Prepare
Registering precompiled user dll's ...
Registered in 0.013128 seconds.
Begin MonoManager ReloadAssembly
Native extension for WindowsStandalone target not found
Refreshing native plugins compatible for Editor in 1.43 ms, found 1 plugins.
Preloading 0 native plugins for Editor in 0.00 ms.
Mono: successfully reloaded assembly
- Completed reload, in  1.361 seconds
Platform modules already initialized, skipping
Refreshing native plugins compatible for Editor in 0.40 ms, found 1 plugins.
Preloading 0 native plugins for Editor in 0.00 ms.
Unloading 1804 Unused Serialized files (Serialized files now loaded: 0)
System memory in use before: 88.5 MB.
System memory in use after: 88.4 MB.

Unloading 12 unused Assets to reduce memory usage. Loaded Objects now: 2349.
Total: 33.076400 ms (FindLiveObjects: 0.519900 ms CreateObjectMapping: 0.143200 ms MarkObjects: 32.075200 ms  DeleteObjects: 0.335100 ms)

========================================================================
Received Import Request.
  Time since last request: 1644.451647 seconds.
  path: Assets/Script/Player.cs
  artifactKey: Guid(53581c4470bca434c898f30c8660a40d) Importer(815301076,1909f56bfc062723c751e8b465ee728b)
Start importing Assets/Script/Player.cs using Guid(53581c4470bca434c898f30c8660a40d) Importer(815301076,1909f56bfc062723c751e8b465ee728b)  -> (artifact id: '1016a9bd5085741b6f119ef135884c8a') in 0.268450 seconds
  Import took 0.273772 seconds .

AssetImportWorkerClient::OnTransportError - code=2 error=End of file
